// Jest Snapshot v1, https://goo.gl/fbAQLP

exports[`<KanBanCard /> snapshot test 1`] = `
<div>
  <div
    class="MuiPaper-root MuiCard-root Card-root-1 MuiPaper-elevation1 MuiPaper-rounded"
  >
    <button
      class="MuiButtonBase-root MuiCardActionArea-root Card-actionArea-2"
      tabindex="0"
      type="button"
    >
      <p
        class="MuiTypography-root MuiTypography-body1"
      />
      <span
        class="MuiCardActionArea-focusHighlight"
      />
      <span
        class="MuiTouchRipple-root"
      />
    </button>
  </div>
</div>
`;
