// Jest Snapshot v1, https://goo.gl/fbAQLP

exports[`<AppLayout /> matchShapshot test 1`] = `
<div>
  <header
    class="MuiPaper-root MuiAppBar-root MuiAppBar-positionFixed MuiAppBar-colorPrimary mui-fixed MuiPaper-elevation4"
  >
    <div
      class="MuiToolbar-root MuiToolbar-regular MuiToolbar-gutters"
    >
      <h4
        class="MuiTypography-root AppLayout-title-3 MuiTypography-h4"
        role="heading"
      >
        <div
          class="PrivateHiddenCss-xsDown-6"
        >
          test
        </div>
        <div
          class="PrivateHiddenCss-smUp-8"
        >
          test
        </div>
      </h4>
    </div>
  </header>
  <div
    class="AppLayout-mainWrapper-1"
  >
    <div
      class="MuiToolbar-root MuiToolbar-regular MuiToolbar-gutters"
    />
    <main
      class="AppLayout-main-2"
    />
  </div>
</div>
`;
